%!Adobe-FontList 1.18
%Locale:0x411

%BeginFont
Handler:DirectoryHandler
FontType:TrueType
FontName:CenturyGothic
FamilyName:Century Gothic
StyleName:Regular
FullName:Century Gothic
MenuName:Century Gothic
StyleBits:0
WritingScript:Roman
OutlineFileName:D:\Users\04675\Desktop\PROPOSAL STANDARD\ID PACKAGE\InDesign\I COMMERCIAL PROPOSAL\I. Commercial\Document fonts\GOTHIC.TTF
DataFormat:sfntData
hasSVG:no
FileLength:137568
FileModTime:1348895492
WeightClass:400
WidthClass:5
AngleClass:0
NameArray:0,Mac,4,Century Gothic
NameArray:0,Win,1,Century Gothic
%EndFont

%BeginFont
Handler:DirectoryHandler
FontType:TrueType
FontName:CenturyGothic-Bold
FamilyName:Century Gothic
StyleName:Bold
FullName:Century Gothic Bold
MenuName:Century Gothic
StyleBits:2
WritingScript:Roman
OutlineFileName:D:\Users\04675\Desktop\PROPOSAL STANDARD\ID PACKAGE\InDesign\I COMMERCIAL PROPOSAL\I. Commercial\Document fonts\GOTHICB.TTF
DataFormat:sfntData
hasSVG:no
FileLength:129676
FileModTime:1348895492
WeightClass:700
WidthClass:5
AngleClass:0
NameArray:0,Mac,4,Century Gothic Bold
NameArray:0,Win,1,Century Gothic
%EndFont

